// Jest Snapshot v1, https://goo.gl/fbAQLP

exports[`<Counter /> should render and match the snapshot 1`] = `
<div>
  <button
    class="button"
    type="button"
  >
    +
  </button>
  <span>
    0
  </span>
  <button
    class="button"
    type="button"
  >
    -
  </button>
</div>
`;
