// Jest Snapshot v1, https://goo.gl/fbAQLP

exports[`<NotFound /> should render and match the snapshot 1`] = `
<div
  class="content"
>
  <h1
    class="logo"
  >
    404
  </h1>
  <h2
    class="title"
  >
    notFound.title
  </h2>
  <span
    class="subtitle"
  >
    notFound.subtitle
  </span>
  <a
    class="button primary medium"
    href="/"
  >
    notFound.button
  </a>
</div>
`;
