// Jest Snapshot v1, https://goo.gl/fbAQLP

exports[`<NotFoundPage /> should render and match the snapshot 1`] = `
.c0 {
  box-sizing: border-box;
  display: block;
  width: 100%;
  margin-left: auto;
  margin-right: auto;
  padding-left: 12px;
  padding-right: 12px;
}

.c5 {
  position: relative;
  display: -webkit-inline-box;
  display: -webkit-inline-flex;
  display: -ms-inline-flexbox;
  display: inline-flex;
  -webkit-align-items: center;
  -webkit-box-align: center;
  -ms-flex-align: center;
  align-items: center;
  -webkit-box-pack: center;
  -webkit-justify-content: center;
  -ms-flex-pack: center;
  justify-content: center;
  width: auto;
  min-width: 88px;
  height: 36px;
  padding: 0 16px;
  text-align: center;
  vertical-align: middle;
  font-family: "Roboto",sans-serif;
  font-size: 14px;
  font-weight: 500;
  -webkit-letter-spacing: 1px;
  -moz-letter-spacing: 1px;
  -ms-letter-spacing: 1px;
  letter-spacing: 1px;
  border: 0;
  border-radius: 4px;
  color: rgba(255,255,255,0.87);
  box-shadow: 0px 2px 1px -1px rgba(0,0,0,0.2),0px 1px 1px 0px rgba(0,0,0,0.14),0px 1px 3px 0px rgba(0,0,0,0.12);
  -webkit-text-decoration: none;
  text-decoration: none;
  text-transform: uppercase;
  -webkit-tap-highlight-color: transparent;
  outline: 0;
  -webkit-appearance: none;
  -moz-appearance: none;
  appearance: none;
  touch-action: manipulation;
  -webkit-user-select: none;
  -moz-user-select: none;
  -ms-user-select: none;
  user-select: none;
  cursor: pointer;
  -webkit-transition: background-color 250ms cubic-bezier(0.4,0,0.2,1) 0ms,box-shadow 250ms cubic-bezier(0.4,0,0.2,1) 0ms,border 250ms cubic-bezier(0.4,0,0.2,1) 0ms;
  transition: background-color 250ms cubic-bezier(0.4,0,0.2,1) 0ms,box-shadow 250ms cubic-bezier(0.4,0,0.2,1) 0ms,border 250ms cubic-bezier(0.4,0,0.2,1) 0ms;
}

.c5:before {
  content: '';
  position: absolute;
  top: 0;
  left: 0;
  width: 100%;
  height: 100%;
  background-color: transparent;
  -webkit-transition: background-color 250ms cubic-bezier(0.4,0,0.2,1) 0ms;
  transition: background-color 250ms cubic-bezier(0.4,0,0.2,1) 0ms;
  -webkit-user-select: none;
  -moz-user-select: none;
  -ms-user-select: none;
  user-select: none;
  pointer-events: none;
}

.c5:hover:before {
  background-color: rgba(255,255,255,0.12);
}

.c5:focus:before {
  background-color: rgba(255,255,255,0.18);
}

.c5:active:before {
  background-color: rgba(255,255,255,0.24);
}

.c5:disabled {
  box-shadow: none;
}

.c6 {
  width: 100%;
  display: inherit;
  -webkit-align-items: inherit;
  -webkit-box-align: inherit;
  -ms-flex-align: inherit;
  align-items: inherit;
  -webkit-box-pack: inherit;
  -webkit-justify-content: inherit;
  -ms-flex-pack: inherit;
  justify-content: inherit;
}

.c7 {
  display: inherit;
  margin-right: 8px;
  margin-left: -4px;
}

.c3 {
  margin: 0;
  color: initial;
  text-align: center;
  margin-bottom: 0.35em;
  font-size: 9.6rem;
  font-weight: 300;
  -webkit-letter-spacing: -1.5px;
  -moz-letter-spacing: -1.5px;
  -ms-letter-spacing: -1.5px;
  letter-spacing: -1.5px;
  line-height: 1.167;
}

.c4 {
  margin: 0;
  color: initial;
  text-align: center;
  margin-bottom: 16px;
  font-size: 3.4rem;
  font-weight: 400;
  -webkit-letter-spacing: 0.25px;
  -moz-letter-spacing: 0.25px;
  -ms-letter-spacing: 0.25px;
  letter-spacing: 0.25px;
  line-height: 1.235;
}

.c2 {
  width: 100%;
  max-height: 400px;
  margin-bottom: 16px;
}

.c1 {
  min-height: 100vh;
  display: -webkit-box;
  display: -webkit-flex;
  display: -ms-flexbox;
  display: flex;
  -webkit-flex-direction: column;
  -ms-flex-direction: column;
  flex-direction: column;
  -webkit-align-items: center;
  -webkit-box-align: center;
  -ms-flex-align: center;
  align-items: center;
  -webkit-box-pack: center;
  -webkit-justify-content: center;
  -ms-flex-pack: center;
  justify-content: center;
}

@media (min-width:960px) {
  .c0 {
    padding-left: 16px;
    padding-right: 16px;
  }
}

<div
  class="c0"
>
  <div
    class="c1"
  >
    <svg
      class="c2"
    >
      not_found.svg
    </svg>
    <h1
      class="c3"
      color="initial"
      display="initial"
    >
      404
    </h1>
    <p
      class="c4"
      color="initial"
      display="initial"
    >
      NOT_FOUND_TITLE
    </p>
    <a
      appearence="primary"
      class="c5"
      href="/"
    >
      <span
        class="c6"
      >
        <span
          class="c7"
        >
          <svg
            fill="currentColor"
            height="16"
            size="16"
            stroke="currentColor"
            stroke-width="0"
            viewBox="0 0 24 24"
            width="16"
            xmlns="http://www.w3.org/2000/svg"
          >
            <path
              d="M20 11H7.83l5.59-5.59L12 4l-8 8 8 8 1.41-1.41L7.83 13H20v-2z"
            />
          </svg>
        </span>
        BACK
      </span>
    </a>
  </div>
</div>
`;
