// Jest Snapshot v1, https://goo.gl/fbAQLP

exports[`<HomePage /> should render and match the snapshot 1`] = `
<div
  class="header"
>
  <h1
    class="title"
  >
    home.title
  </h1>
  <p
    class="subtitle"
  >
    home.subtitle
  </p>
</div>
`;
